------------------------------------------------------------
Timing Analyzer Summary
------------------------------------------------------------

Type  : Slow 1100mV 85C Model Setup 'clock'
Slack : -4.454
TNS   : -738.139

Type  : Slow 1100mV 85C Model Hold 'clock'
Slack : 0.248
TNS   : 0.000

Type  : Slow 1100mV 85C Model Recovery 'clock'
Slack : -1.532
TNS   : -68.672

Type  : Slow 1100mV 85C Model Removal 'clock'
Slack : 0.777
TNS   : 0.000

Type  : Slow 1100mV 85C Model Minimum Pulse Width 'clock'
Slack : -0.538
TNS   : -188.893

Type  : Slow 1100mV 0C Model Setup 'clock'
Slack : -4.472
TNS   : -735.320

Type  : Slow 1100mV 0C Model Hold 'clock'
Slack : 0.240
TNS   : 0.000

Type  : Slow 1100mV 0C Model Recovery 'clock'
Slack : -1.467
TNS   : -63.932

Type  : Slow 1100mV 0C Model Removal 'clock'
Slack : 0.743
TNS   : 0.000

Type  : Slow 1100mV 0C Model Minimum Pulse Width 'clock'
Slack : -0.538
TNS   : -206.079

Type  : Fast 1100mV 85C Model Setup 'clock'
Slack : -1.888
TNS   : -252.585

Type  : Fast 1100mV 85C Model Hold 'clock'
Slack : 0.128
TNS   : 0.000

Type  : Fast 1100mV 85C Model Recovery 'clock'
Slack : -0.221
TNS   : -4.613

Type  : Fast 1100mV 85C Model Removal 'clock'
Slack : 0.355
TNS   : 0.000

Type  : Fast 1100mV 85C Model Minimum Pulse Width 'clock'
Slack : -0.101
TNS   : -18.822

Type  : Fast 1100mV 0C Model Setup 'clock'
Slack : -1.637
TNS   : -211.907

Type  : Fast 1100mV 0C Model Hold 'clock'
Slack : 0.117
TNS   : 0.000

Type  : Fast 1100mV 0C Model Recovery 'clock'
Slack : -0.116
TNS   : -2.412

Type  : Fast 1100mV 0C Model Removal 'clock'
Slack : 0.323
TNS   : 0.000

Type  : Fast 1100mV 0C Model Minimum Pulse Width 'clock'
Slack : -0.096
TNS   : -18.842

------------------------------------------------------------
